Haskell File
  MODULEDECL
    PsiElement(HaskellTokenType.module)('module')
    QCONID
      CONID
        PsiElement(HaskellTokenType.conidRegexp)('Layout00025')
    PsiElement(HaskellTokenType.where)('where')
  BODY
    IMPDECL
      PsiElement(HaskellTokenType.import)('import')
      QCONID
        CONID
          PsiElement(HaskellTokenType.conidRegexp)('Text')
        PsiElement(HaskellTokenType..)('.')
        CONID
          PsiElement(HaskellTokenType.conidRegexp)('Parsec')
    IMPDECL
      PsiElement(HaskellTokenType.import)('import')
      QCONID
        CONID
          PsiElement(HaskellTokenType.conidRegexp)('Text')
        PsiElement(HaskellTokenType..)('.')
        CONID
          PsiElement(HaskellTokenType.conidRegexp)('Parsec')
        PsiElement(HaskellTokenType..)('.')
        CONID
          PsiElement(HaskellTokenType.conidRegexp)('String')
    GENDECL
      VARS
        VARID
          PsiElement(HaskellTokenType.varidRegexp)('testParser')
      PsiElement(HaskellTokenType.::)('::')
      CTYPE
        TYPEE
          ATYPE
            OQTYCON
              QTYCON
                TYCON
                  CONID
                    PsiElement(HaskellTokenType.conidRegexp)('Parser')
          ATYPE
            OQTYCON
              QTYCON
                TYCON
                  CONID
                    PsiElement(HaskellTokenType.conidRegexp)('Char')
    FUNORPATDECL
      PAT
        VARID
          PsiElement(HaskellTokenType.varidRegexp)('testParser')
      RHS
        PsiElement(HaskellTokenType.=)('=')
        EXP
          PsiElement(HaskellTokenType.do)('do')
          STMTS
            PAT
              VARID
                PsiElement(HaskellTokenType.varidRegexp)('c')
            PsiElement(HaskellTokenType.<-)('<-')
            EXP
              QVAR
                QVARID
                  VARID
                    PsiElement(HaskellTokenType.varidRegexp)('char')
              PsiElement(HaskellTokenType.chartoken)(''c'')
              QOP
                QVAROP
                  QVARSYM
                    VARSYM
                      PsiElement(HaskellTokenType.Varsym)('<?>')
              PSTRINGTOKEN
                PsiElement(HaskellTokenType.")('"')
                PsiElement(HaskellTokenType.STRINGTOKEN)('char c expected')
                PsiElement(HaskellTokenType.")('"')