HaskellTokenType.{-# ('{-#')
HaskellTokenType.PRAGMA (' LANGUAGE MagicHash, FlexibleContexts, MultiParamTypeClasses, TypeFamilies, DataKinds ')
HaskellTokenType.#-} ('#-}')
WHITE_SPACE ('\n')
HaskellTokenType.module ('module')
WHITE_SPACE (' ')
HaskellTokenType.conidRegexp ('Eta00001')
WHITE_SPACE (' ')
HaskellTokenType.where ('where')
WHITE_SPACE ('\n\n')
HaskellTokenType.data ('data')
WHITE_SPACE (' ')
HaskellTokenType.{-# ('{-#')
HaskellTokenType.PRAGMA (' CLASS "java.util.Collection" ')
HaskellTokenType.#-} ('#-}')
WHITE_SPACE (' ')
HaskellTokenType.conidRegexp ('Collection')
WHITE_SPACE (' ')
HaskellTokenType.varidRegexp ('a')
WHITE_SPACE (' ')
HaskellTokenType.= ('=')
WHITE_SPACE (' ')
HaskellTokenType.conidRegexp ('Collection')
WHITE_SPACE (' ')
HaskellTokenType.( ('(')
HaskellTokenType.conidRegexp ('Object')
HaskellTokenType.Varsym ('#')
WHITE_SPACE (' ')
HaskellTokenType.( ('(')
HaskellTokenType.conidRegexp ('Collection')
WHITE_SPACE (' ')
HaskellTokenType.varidRegexp ('a')
HaskellTokenType.) (')')
HaskellTokenType.) (')')
WHITE_SPACE ('\n')
HaskellTokenType.data ('data')
WHITE_SPACE (' ')
HaskellTokenType.{-# ('{-#')
HaskellTokenType.PRAGMA (' CLASS "java.util.ArrayList" ')
HaskellTokenType.#-} ('#-}')
WHITE_SPACE (' ')
HaskellTokenType.conidRegexp ('ArrayList')
WHITE_SPACE (' ')
HaskellTokenType.varidRegexp ('a')
WHITE_SPACE (' ')
HaskellTokenType.= ('=')
WHITE_SPACE (' ')
HaskellTokenType.conidRegexp ('ArrayList')
WHITE_SPACE (' ')
HaskellTokenType.( ('(')
HaskellTokenType.conidRegexp ('Object')
HaskellTokenType.Varsym ('#')
WHITE_SPACE (' ')
HaskellTokenType.( ('(')
HaskellTokenType.conidRegexp ('ArrayList')
WHITE_SPACE (' ')
HaskellTokenType.varidRegexp ('a')
HaskellTokenType.) (')')
HaskellTokenType.) (')')
WHITE_SPACE ('\n')
HaskellTokenType.data ('data')
WHITE_SPACE (' ')
HaskellTokenType.{-# ('{-#')
HaskellTokenType.PRAGMA (' CLASS "java.util.List" ')
HaskellTokenType.#-} ('#-}')
WHITE_SPACE (' ')
HaskellTokenType.conidRegexp ('List')
WHITE_SPACE (' ')
HaskellTokenType.varidRegexp ('a')
WHITE_SPACE (' ')
HaskellTokenType.= ('=')
WHITE_SPACE (' ')
HaskellTokenType.conidRegexp ('List')
WHITE_SPACE (' ')
HaskellTokenType.( ('(')
HaskellTokenType.conidRegexp ('Object')
HaskellTokenType.Varsym ('#')
WHITE_SPACE (' ')
HaskellTokenType.( ('(')
HaskellTokenType.conidRegexp ('List')
WHITE_SPACE (' ')
HaskellTokenType.varidRegexp ('a')
HaskellTokenType.) (')')
HaskellTokenType.) (')')
WHITE_SPACE ('\n')
HaskellTokenType.data ('data')
WHITE_SPACE (' ')
HaskellTokenType.{-# ('{-#')
HaskellTokenType.PRAGMA (' CLASS "java.lang.Integer" ')
HaskellTokenType.#-} ('#-}')
WHITE_SPACE (' ')
HaskellTokenType.conidRegexp ('JInteger')
WHITE_SPACE (' ')
HaskellTokenType.= ('=')
WHITE_SPACE (' ')
HaskellTokenType.conidRegexp ('JInteger')
WHITE_SPACE (' ')
HaskellTokenType.( ('(')
HaskellTokenType.conidRegexp ('Object')
HaskellTokenType.Varsym ('#')
WHITE_SPACE (' ')
HaskellTokenType.conidRegexp ('JInteger')
HaskellTokenType.) (')')
WHITE_SPACE ('\n')
HaskellTokenType.data ('data')
WHITE_SPACE (' ')
HaskellTokenType.{-# ('{-#')
HaskellTokenType.PRAGMA (' CLASS "java.io.PrintStream" ')
HaskellTokenType.#-} ('#-}')
WHITE_SPACE (' ')
HaskellTokenType.conidRegexp ('PrintStream')
WHITE_SPACE (' ')
HaskellTokenType.= ('=')
WHITE_SPACE (' ')
HaskellTokenType.conidRegexp ('PrintStream')
WHITE_SPACE (' ')
HaskellTokenType.( ('(')
HaskellTokenType.conidRegexp ('Object')
HaskellTokenType.Varsym ('#')
WHITE_SPACE (' ')
HaskellTokenType.conidRegexp ('PrintStream')
HaskellTokenType.) (')')
WHITE_SPACE ('\n\n')
HaskellTokenType.instance ('instance')
WHITE_SPACE (' ')
HaskellTokenType.conidRegexp ('Class')
WHITE_SPACE (' ')
HaskellTokenType.( ('(')
HaskellTokenType.conidRegexp ('ArrayList')
WHITE_SPACE (' ')
HaskellTokenType.varidRegexp ('a')
HaskellTokenType.) (')')
WHITE_SPACE (' ')
HaskellTokenType.where ('where')
WHITE_SPACE ('\n  ')
HaskellTokenType.varidRegexp ('obj')
WHITE_SPACE (' ')
HaskellTokenType.= ('=')
WHITE_SPACE (' ')
HaskellTokenType.conidRegexp ('ArrayList')
WHITE_SPACE ('\n  ')
HaskellTokenType.varidRegexp ('unobj')
WHITE_SPACE (' ')
HaskellTokenType.( ('(')
HaskellTokenType.conidRegexp ('ArrayList')
WHITE_SPACE (' ')
HaskellTokenType.varidRegexp ('o')
HaskellTokenType.) (')')
WHITE_SPACE (' ')
HaskellTokenType.= ('=')
WHITE_SPACE (' ')
HaskellTokenType.varidRegexp ('o')
WHITE_SPACE ('\n\n')
HaskellTokenType.instance ('instance')
WHITE_SPACE (' ')
HaskellTokenType.conidRegexp ('Class')
WHITE_SPACE (' ')
HaskellTokenType.( ('(')
HaskellTokenType.conidRegexp ('List')
WHITE_SPACE (' ')
HaskellTokenType.varidRegexp ('a')
HaskellTokenType.) (')')
WHITE_SPACE (' ')
HaskellTokenType.where ('where')
WHITE_SPACE ('\n  ')
HaskellTokenType.varidRegexp ('obj')
WHITE_SPACE (' ')
HaskellTokenType.= ('=')
WHITE_SPACE (' ')
HaskellTokenType.conidRegexp ('List')
WHITE_SPACE ('\n  ')
HaskellTokenType.varidRegexp ('unobj')
WHITE_SPACE (' ')
HaskellTokenType.( ('(')
HaskellTokenType.conidRegexp ('List')
WHITE_SPACE (' ')
HaskellTokenType.varidRegexp ('o')
HaskellTokenType.) (')')
WHITE_SPACE (' ')
HaskellTokenType.= ('=')
WHITE_SPACE (' ')
HaskellTokenType.varidRegexp ('o')
WHITE_SPACE ('\n\n')
HaskellTokenType.instance ('instance')
WHITE_SPACE (' ')
HaskellTokenType.conidRegexp ('Class')
WHITE_SPACE (' ')
HaskellTokenType.( ('(')
HaskellTokenType.conidRegexp ('Collection')
WHITE_SPACE (' ')
HaskellTokenType.varidRegexp ('a')
HaskellTokenType.) (')')
WHITE_SPACE (' ')
HaskellTokenType.where ('where')
WHITE_SPACE ('\n  ')
HaskellTokenType.varidRegexp ('obj')
WHITE_SPACE (' ')
HaskellTokenType.= ('=')
WHITE_SPACE (' ')
HaskellTokenType.conidRegexp ('Collection')
WHITE_SPACE ('\n  ')
HaskellTokenType.varidRegexp ('unobj')
WHITE_SPACE (' ')
HaskellTokenType.( ('(')
HaskellTokenType.conidRegexp ('Collection')
WHITE_SPACE (' ')
HaskellTokenType.varidRegexp ('o')
HaskellTokenType.) (')')
WHITE_SPACE (' ')
HaskellTokenType.= ('=')
WHITE_SPACE (' ')
HaskellTokenType.varidRegexp ('o')
WHITE_SPACE ('\n\n')
HaskellTokenType.instance ('instance')
WHITE_SPACE (' ')
HaskellTokenType.conidRegexp ('Class')
WHITE_SPACE (' ')
HaskellTokenType.conidRegexp ('JInteger')
WHITE_SPACE (' ')
HaskellTokenType.where ('where')
WHITE_SPACE ('\n  ')
HaskellTokenType.varidRegexp ('obj')
WHITE_SPACE (' ')
HaskellTokenType.= ('=')
WHITE_SPACE (' ')
HaskellTokenType.conidRegexp ('JInteger')
WHITE_SPACE ('\n  ')
HaskellTokenType.varidRegexp ('unobj')
WHITE_SPACE (' ')
HaskellTokenType.( ('(')
HaskellTokenType.conidRegexp ('JInteger')
WHITE_SPACE (' ')
HaskellTokenType.varidRegexp ('o')
HaskellTokenType.) (')')
WHITE_SPACE (' ')
HaskellTokenType.= ('=')
WHITE_SPACE (' ')
HaskellTokenType.varidRegexp ('o')
WHITE_SPACE ('\n\n')
HaskellTokenType.instance ('instance')
WHITE_SPACE (' ')
HaskellTokenType.conidRegexp ('Class')
WHITE_SPACE (' ')
HaskellTokenType.conidRegexp ('PrintStream')
WHITE_SPACE (' ')
HaskellTokenType.where ('where')
WHITE_SPACE ('\n  ')
HaskellTokenType.varidRegexp ('obj')
WHITE_SPACE (' ')
HaskellTokenType.= ('=')
WHITE_SPACE (' ')
HaskellTokenType.conidRegexp ('PrintStream')
WHITE_SPACE ('\n  ')
HaskellTokenType.varidRegexp ('unobj')
WHITE_SPACE (' ')
HaskellTokenType.( ('(')
HaskellTokenType.conidRegexp ('PrintStream')
WHITE_SPACE (' ')
HaskellTokenType.varidRegexp ('o')
HaskellTokenType.) (')')
WHITE_SPACE (' ')
HaskellTokenType.= ('=')
WHITE_SPACE (' ')
HaskellTokenType.varidRegexp ('o')
WHITE_SPACE ('\n\n')
HaskellTokenType.type ('type')
WHITE_SPACE (' ')
HaskellTokenType.instance ('instance')
WHITE_SPACE (' ')
HaskellTokenType.conidRegexp ('Inherits')
WHITE_SPACE (' ')
HaskellTokenType.( ('(')
HaskellTokenType.conidRegexp ('ArrayList')
WHITE_SPACE (' ')
HaskellTokenType.varidRegexp ('a')
HaskellTokenType.) (')')
WHITE_SPACE (' ')
HaskellTokenType.= ('=')
WHITE_SPACE (' ')
HaskellTokenType.' (''')
HaskellTokenType.[ ('[')
HaskellTokenType.conidRegexp ('List')
WHITE_SPACE (' ')
HaskellTokenType.varidRegexp ('a')
HaskellTokenType.] (']')
WHITE_SPACE ('\n')
HaskellTokenType.type ('type')
WHITE_SPACE (' ')
HaskellTokenType.instance ('instance')
WHITE_SPACE (' ')
HaskellTokenType.conidRegexp ('Inherits')
WHITE_SPACE (' ')
HaskellTokenType.( ('(')
HaskellTokenType.conidRegexp ('List')
WHITE_SPACE (' ')
HaskellTokenType.varidRegexp ('a')
HaskellTokenType.) (')')
WHITE_SPACE (' ')
HaskellTokenType.= ('=')
WHITE_SPACE (' ')
HaskellTokenType.' (''')
HaskellTokenType.[ ('[')
HaskellTokenType.conidRegexp ('Collection')
WHITE_SPACE (' ')
HaskellTokenType.varidRegexp ('a')
HaskellTokenType.] (']')
WHITE_SPACE ('\n')
HaskellTokenType.type ('type')
WHITE_SPACE (' ')
HaskellTokenType.instance ('instance')
WHITE_SPACE (' ')
HaskellTokenType.conidRegexp ('Inherits')
WHITE_SPACE (' ')
HaskellTokenType.conidRegexp ('JInteger')
WHITE_SPACE (' ')
HaskellTokenType.= ('=')
WHITE_SPACE (' ')
HaskellTokenType.' (''')
HaskellTokenType.[ ('[')
HaskellTokenType.conidRegexp ('Object')
HaskellTokenType.] (']')
WHITE_SPACE ('\n\n')
HaskellTokenType.foreign ('foreign')
WHITE_SPACE (' ')
HaskellTokenType.import ('import')
WHITE_SPACE (' ')
HaskellTokenType.varidRegexp ('java')
WHITE_SPACE (' ')
HaskellTokenType.varidRegexp ('unsafe')
WHITE_SPACE (' ')
HaskellTokenType." ('"')
HaskellTokenType.STRINGTOKEN ('@new')
HaskellTokenType." ('"')
WHITE_SPACE (' ')
HaskellTokenType.varidRegexp ('newInteger')
WHITE_SPACE (' ')
HaskellTokenType.:: ('::')
WHITE_SPACE (' ')
HaskellTokenType.conidRegexp ('Int')
WHITE_SPACE (' ')
HaskellTokenType.-> ('->')
WHITE_SPACE (' ')
HaskellTokenType.conidRegexp ('JInteger')
WHITE_SPACE ('\n')
HaskellTokenType.foreign ('foreign')
WHITE_SPACE (' ')
HaskellTokenType.import ('import')
WHITE_SPACE (' ')
HaskellTokenType.varidRegexp ('java')
WHITE_SPACE (' ')
HaskellTokenType.varidRegexp ('unsafe')
WHITE_SPACE (' ')
HaskellTokenType." ('"')
HaskellTokenType.STRINGTOKEN ('intValue')
HaskellTokenType." ('"')
WHITE_SPACE (' ')
HaskellTokenType.varidRegexp ('intValue')
WHITE_SPACE (' ')
HaskellTokenType.:: ('::')
WHITE_SPACE (' ')
HaskellTokenType.conidRegexp ('JInteger')
WHITE_SPACE (' ')
HaskellTokenType.-> ('->')
WHITE_SPACE (' ')
HaskellTokenType.conidRegexp ('Int')
WHITE_SPACE ('\n')
HaskellTokenType.foreign ('foreign')
WHITE_SPACE (' ')
HaskellTokenType.import ('import')
WHITE_SPACE (' ')
HaskellTokenType.varidRegexp ('java')
WHITE_SPACE (' ')
HaskellTokenType.varidRegexp ('unsafe')
WHITE_SPACE (' ')
HaskellTokenType." ('"')
HaskellTokenType.STRINGTOKEN ('@new')
HaskellTokenType." ('"')
WHITE_SPACE (' ')
HaskellTokenType.varidRegexp ('newArrayList')
WHITE_SPACE (' ')
HaskellTokenType.:: ('::')
WHITE_SPACE (' ')
HaskellTokenType.conidRegexp ('IO')
WHITE_SPACE (' ')
HaskellTokenType.( ('(')
HaskellTokenType.conidRegexp ('ArrayList')
WHITE_SPACE (' ')
HaskellTokenType.varidRegexp ('a')
HaskellTokenType.) (')')
WHITE_SPACE ('\n')
HaskellTokenType.foreign ('foreign')
WHITE_SPACE (' ')
HaskellTokenType.import ('import')
WHITE_SPACE (' ')
HaskellTokenType.varidRegexp ('java')
WHITE_SPACE (' ')
HaskellTokenType.varidRegexp ('unsafe')
WHITE_SPACE (' ')
HaskellTokenType." ('"')
HaskellTokenType.STRINGTOKEN ('add')
HaskellTokenType." ('"')
WHITE_SPACE (' ')
HaskellTokenType.varidRegexp ('add')
WHITE_SPACE (' ')
HaskellTokenType.:: ('::')
WHITE_SPACE (' ')
HaskellTokenType.( ('(')
HaskellTokenType.conidRegexp ('Extends')
WHITE_SPACE (' ')
HaskellTokenType.varidRegexp ('a')
WHITE_SPACE (' ')
HaskellTokenType.conidRegexp ('Object')
HaskellTokenType., (',')
WHITE_SPACE (' ')
HaskellTokenType.conidRegexp ('Extends')
WHITE_SPACE (' ')
HaskellTokenType.varidRegexp ('b')
WHITE_SPACE (' ')
HaskellTokenType.( ('(')
HaskellTokenType.conidRegexp ('Collection')
WHITE_SPACE (' ')
HaskellTokenType.varidRegexp ('a')
HaskellTokenType.) (')')
HaskellTokenType.) (')')
WHITE_SPACE (' ')
HaskellTokenType.=> ('=>')
WHITE_SPACE (' ')
HaskellTokenType.varidRegexp ('a')
WHITE_SPACE (' ')
HaskellTokenType.-> ('->')
WHITE_SPACE (' ')
HaskellTokenType.conidRegexp ('Java')
WHITE_SPACE (' ')
HaskellTokenType.varidRegexp ('b')
WHITE_SPACE (' ')
HaskellTokenType.conidRegexp ('Bool')
WHITE_SPACE ('\n')
HaskellTokenType.foreign ('foreign')
WHITE_SPACE (' ')
HaskellTokenType.import ('import')
WHITE_SPACE (' ')
HaskellTokenType.varidRegexp ('java')
WHITE_SPACE (' ')
HaskellTokenType.varidRegexp ('unsafe')
WHITE_SPACE (' ')
HaskellTokenType." ('"')
HaskellTokenType.STRINGTOKEN ('get')
HaskellTokenType." ('"')
WHITE_SPACE (' ')
HaskellTokenType.varidRegexp ('get')
WHITE_SPACE (' ')
HaskellTokenType.:: ('::')
WHITE_SPACE (' ')
HaskellTokenType.( ('(')
HaskellTokenType.conidRegexp ('Extends')
WHITE_SPACE (' ')
HaskellTokenType.varidRegexp ('a')
WHITE_SPACE (' ')
HaskellTokenType.conidRegexp ('Object')
HaskellTokenType., (',')
WHITE_SPACE (' ')
HaskellTokenType.conidRegexp ('Extends')
WHITE_SPACE (' ')
HaskellTokenType.varidRegexp ('b')
WHITE_SPACE (' ')
HaskellTokenType.( ('(')
HaskellTokenType.conidRegexp ('List')
WHITE_SPACE (' ')
HaskellTokenType.varidRegexp ('a')
HaskellTokenType.) (')')
HaskellTokenType.) (')')
WHITE_SPACE (' ')
HaskellTokenType.=> ('=>')
WHITE_SPACE (' ')
HaskellTokenType.conidRegexp ('Int')
WHITE_SPACE (' ')
HaskellTokenType.-> ('->')
WHITE_SPACE (' ')
HaskellTokenType.conidRegexp ('Java')
WHITE_SPACE (' ')
HaskellTokenType.varidRegexp ('b')
WHITE_SPACE (' ')
HaskellTokenType.varidRegexp ('a')
WHITE_SPACE ('\n')
HaskellTokenType.foreign ('foreign')
WHITE_SPACE (' ')
HaskellTokenType.import ('import')
WHITE_SPACE (' ')
HaskellTokenType.varidRegexp ('java')
WHITE_SPACE (' ')
HaskellTokenType.varidRegexp ('unsafe')
WHITE_SPACE (' ')
HaskellTokenType." ('"')
HaskellTokenType.STRINGTOKEN ('@static @field java.lang.System.out')
HaskellTokenType." ('"')
WHITE_SPACE (' ')
HaskellTokenType.varidRegexp ('stdout'')
WHITE_SPACE (' ')
HaskellTokenType.:: ('::')
WHITE_SPACE (' ')
HaskellTokenType.conidRegexp ('PrintStream')
WHITE_SPACE ('\n')
HaskellTokenType.foreign ('foreign')
WHITE_SPACE (' ')
HaskellTokenType.import ('import')
WHITE_SPACE (' ')
HaskellTokenType.varidRegexp ('java')
WHITE_SPACE (' ')
HaskellTokenType.varidRegexp ('unsafe')
WHITE_SPACE (' ')
HaskellTokenType." ('"')
HaskellTokenType.STRINGTOKEN ('println')
HaskellTokenType." ('"')
WHITE_SPACE (' ')
HaskellTokenType.varidRegexp ('println')
WHITE_SPACE (' ')
HaskellTokenType.:: ('::')
WHITE_SPACE (' ')
HaskellTokenType.conidRegexp ('Extends')
WHITE_SPACE (' ')
HaskellTokenType.varidRegexp ('a')
WHITE_SPACE (' ')
HaskellTokenType.conidRegexp ('Object')
WHITE_SPACE (' ')
HaskellTokenType.=> ('=>')
WHITE_SPACE (' ')
HaskellTokenType.conidRegexp ('PrintStream')
WHITE_SPACE (' ')
HaskellTokenType.-> ('->')
WHITE_SPACE (' ')
HaskellTokenType.varidRegexp ('a')
WHITE_SPACE (' ')
HaskellTokenType.-> ('->')
WHITE_SPACE (' ')
HaskellTokenType.conidRegexp ('IO')
WHITE_SPACE (' ')
HaskellTokenType.( ('(')
HaskellTokenType.) (')')